
> largefilebuster@1.0.3 test
> npm run build && npx playwright test


> largefilebuster@1.0.3 build
> npm run build:renderer && npm run build:main


> largefilebuster@1.0.3 build:renderer
> vite build

The CJS build of Vite's Node API is deprecated. See https://vite.dev/guide/troubleshooting.html#vite-cjs-node-api-deprecated for more details.
[36mvite v6.4.1 [32mbuilding for production...[36m[39m
transforming...
[32mΓ£ô[39m 33 modules transformed.
rendering chunks...
computing gzip size...
[2m../../dist/renderer/[22m[32mindex.html                [39m[1m[2m  0.50 kB[22m[1m[22m[2m Γöé gzip:  0.32 kB[22m
[2m../../dist/renderer/[22m[36massets/index-dzo171La.js  [39m[1m[2m173.11 kB[22m[1m[22m[2m Γöé gzip: 55.45 kB[22m
[32mΓ£ô built in 2.86s[39m

> largefilebuster@1.0.3 build:main
> tsc -p tsconfig.main.json


Running 16 tests using 1 worker

  Γ£ô   1 test\smoke.spec.ts:58:5 ΓÇ║ app launches and window is visible (2.0s)
  Γ£ô   2 test\smoke.spec.ts:69:5 ΓÇ║ shows drives at root after reset (2.4s)
  Γ£ô   3 test\smoke.spec.ts:87:7 ΓÇ║ with fixtures ΓÇ║ scan a folder and see it listed (2.6s)
  Γ£ô   4 test\smoke.spec.ts:97:7 ΓÇ║ with fixtures ΓÇ║ double-click navigates into folder and shows children (3.0s)
  Γ£ô   5 test\smoke.spec.ts:119:7 ΓÇ║ with fixtures ΓÇ║ up button and ".." row navigate to parent (2.8s)
  Γ£ô   6 test\smoke.spec.ts:143:7 ΓÇ║ with fixtures ΓÇ║ breadcrumb navigation back to root (3.4s)
  Γ£ô   7 test\smoke.spec.ts:161:7 ΓÇ║ with fixtures ΓÇ║ back button returns to previous folder (2.3s)
  Γ£ô   8 test\smoke.spec.ts:176:7 ΓÇ║ with fixtures ΓÇ║ right-click shows context menu on folder (2.8s)
  Γ£ô   9 test\smoke.spec.ts:193:7 ΓÇ║ with fixtures ΓÇ║ sidebar has Folders/Files tabs (2.5s)
  Γ£ô  10 test\smoke.spec.ts:209:7 ΓÇ║ with fixtures ΓÇ║ context menu "Open" navigates into folder (2.9s)
  Γ£ÿ  11 test\smoke.spec.ts:226:7 ΓÇ║ with fixtures ΓÇ║ folder size check updates size recursively (non-blocking) (7.1s)
  Γ£ô  12 test\smoke.spec.ts:248:7 ΓÇ║ with fixtures ΓÇ║ scanned data persists after app restart (4.0s)
  Γ£ô  13 test\smoke.spec.ts:278:7 ΓÇ║ with fixtures ΓÇ║ reset DB clears scanned data but shows drives (2.1s)
  Γ£ÿ  14 test\smoke.spec.ts:305:7 ΓÇ║ async scanning ΓÇ║ full scan is non-blocking ΓÇö UI stays responsive during scan (17.7s)
  Γ£ÿ  15 test\smoke.spec.ts:371:7 ΓÇ║ Temp folder performance ΓÇ║ navigate to Temp folder with latency check (32.5s)
  Γ£ÿ  16 test\smoke.spec.ts:419:7 ΓÇ║ Temp folder performance ΓÇ║ start scanning Temp folder then navigate into it (32.7s)


  1) test\smoke.spec.ts:226:7 ΓÇ║ with fixtures ΓÇ║ folder size check updates size recursively (non-blocking) 

    Error: [2mexpect([22m[31mlocator[39m[2m).[22mtoHaveText[2m([22m[32mexpected[39m[2m)[22m failed

    Locator: locator('tr[data-item-name="subdir-b"]').getByTestId('item-size')
    Expected: [32m"30 KB"[39m
    Timeout: 5000ms
    Error: element(s) not found

    Call log:
    [2m  - Expect "toHaveText" with timeout 5000ms[22m
    [2m  - waiting for locator('tr[data-item-name="subdir-b"]').getByTestId('item-size')[22m


      235 |     // Before: shallow = file.txt only ΓåÆ 30 KB
      236 |     const row = page.locator('tr[data-item-name="subdir-b"]')
    > 237 |     await expect(row.getByTestId('item-size')).toHaveText('30 KB')
          |                                                ^
      238 |
      239 |     // Right-click ΓåÆ Folder size check
      240 |     await page.locator('[data-item-name="subdir-b"]').click({ button: 'right' })
        at C:\dev\repo\staniko\LargeFileBuster\test\smoke.spec.ts:237:48

  2) test\smoke.spec.ts:305:7 ΓÇ║ async scanning ΓÇ║ full scan is non-blocking ΓÇö UI stays responsive during scan 

    Error: [2mexpect([22m[31mlocator[39m[2m).not.[22mtoBeVisible[2m([22m[2m)[22m failed

    Locator:  getByTestId('scanning-indicator')
    Expected: not visible
    Received: visible
    Timeout:  15000ms

    Call log:
    [2m  - Expect "not toBeVisible" with timeout 15000ms[22m
    [2m  - waiting for getByTestId('scanning-indicator')[22m
    [2m    18 ├ù locator resolved to <span data-testid="scanning-indicator">ScanningΓÇª</span>[22m
    [2m       - unexpected value "visible"[22m


      349 |
      350 |     // Scanning indicator should be gone
    > 351 |     await expect(page.getByTestId('scanning-indicator')).not.toBeVisible({ timeout: 15_000 })
          |                                                              ^
      352 |
      353 |     await app.close()
      354 |   })
        at C:\dev\repo\staniko\LargeFileBuster\test\smoke.spec.ts:351:62

  3) test\smoke.spec.ts:371:7 ΓÇ║ Temp folder performance ΓÇ║ navigate to Temp folder with latency check 

    TimeoutError: locator.dblclick: Timeout 30000ms exceeded.
    Call log:
    [2m  - waiting for locator('[data-item-name="AppData"]')[22m


      388 |
      389 |     // Navigate to AppData
    > 390 |     await page.locator('[data-item-name="AppData"]').dblclick()
          |                                                      ^
      391 |     await expect(page.getByTestId('item-row')).not.toHaveCount(0, { timeout: 10_000 })
      392 |
      393 |     // Navigate to Local
        at C:\dev\repo\staniko\LargeFileBuster\test\smoke.spec.ts:390:54

  4) test\smoke.spec.ts:419:7 ΓÇ║ Temp folder performance ΓÇ║ start scanning Temp folder then navigate into it 

    TimeoutError: locator.dblclick: Timeout 30000ms exceeded.
    Call log:
    [2m  - waiting for locator('[data-item-name="AppData"]')[22m


      436 |
      437 |     // Navigate to AppData
    > 438 |     await page.locator('[data-item-name="AppData"]').dblclick()
          |                                                      ^
      439 |     await expect(page.getByTestId('item-row')).not.toHaveCount(0, { timeout: 10_000 })
      440 |
      441 |     // Navigate to Local
        at C:\dev\repo\staniko\LargeFileBuster\test\smoke.spec.ts:438:54

  4 failed
    test\smoke.spec.ts:226:7 ΓÇ║ with fixtures ΓÇ║ folder size check updates size recursively (non-blocking) 
    test\smoke.spec.ts:305:7 ΓÇ║ async scanning ΓÇ║ full scan is non-blocking ΓÇö UI stays responsive during scan 
    test\smoke.spec.ts:371:7 ΓÇ║ Temp folder performance ΓÇ║ navigate to Temp folder with latency check 
    test\smoke.spec.ts:419:7 ΓÇ║ Temp folder performance ΓÇ║ start scanning Temp folder then navigate into it 
  12 passed (2.3m)
